../Core/Src/scheduler.c:259:20:prvGetTCBIndexFromHandle	24	static
../Core/Src/scheduler.c:282:14:prvInitTCBArray	16	static
../Core/Src/scheduler.c:292:20:prvFindEmptyElementIndexTCB	16	static
../Core/Src/scheduler.c:307:14:prvDeleteTCBFromArray	24	static,ignoring_inline_asm
../Core/Src/scheduler.c:556:13:prvPeriodicTaskCode	24	static,ignoring_inline_asm
../Core/Src/scheduler.c:620:6:vSchedulerPeriodicTaskCreate	128	static,ignoring_inline_asm
../Core/Src/scheduler.c:674:6:vSchedulerPeriodicTaskDelete	16	static
../Core/Src/scheduler.c:697:13:prvCreateAllTasks	40	static,ignoring_inline_asm
../Core/Src/scheduler.c:752:13:prvSetFixedPriorities	48	static,ignoring_inline_asm
../Core/Src/scheduler.c:841:14:prvPeriodicTaskRecreate	40	static
../Core/Src/scheduler.c:868:14:prvDeadlineMissedHook	16	static
../Core/Src/scheduler.c:887:14:prvCheckDeadline	16	static
../Core/Src/scheduler.c:946:14:prvExecTimeExceedHook	24	static,ignoring_inline_asm
../Core/Src/scheduler.c:975:14:prvSchedulerCheckTimingError	16	static
../Core/Src/scheduler.c:1043:14:prvSchedulerFunction	24	static
../Core/Src/scheduler.c:1146:14:prvCreateSchedulerTask	16	static
../Core/Src/scheduler.c:1156:17:prvGetNextAperiodicJob	16	static
../Core/Src/scheduler.c:1193:20:prvFindEmptyElementIndexAJCB	16	static
../Core/Src/scheduler.c:1214:7:vSchedulerAperiodicJobCreate	56	static,ignoring_inline_asm
../Core/Src/scheduler.c:1378:14:prvPollingServerFunction	8	static
../Core/Src/scheduler.c:1428:7:prvPollingServerCreate	112	static,ignoring_inline_asm
../Core/Src/scheduler.c:1485:14:prvWakeScheduler	16	static,ignoring_inline_asm
../Core/Src/scheduler.c:1493:7:vApplicationTickHook	16	static
../Core/Src/scheduler.c:1528:6:vSchedulerInit	8	static
../Core/Src/scheduler.c:1555:6:vSchedulerStart	8	static
